Archive member included to satisfy reference by file (symbol)

/usr/lib/gcc/avr/5.4.0/../../../avr/lib/avr5/libm.a(addsf3.o)
                              obj/main.o (__subsf3)
/usr/lib/gcc/avr/5.4.0/../../../avr/lib/avr5/libm.a(addsf3x.o)
                              /usr/lib/gcc/avr/5.4.0/../../../avr/lib/avr5/libm.a(addsf3.o) (__addsf3x)
/usr/lib/gcc/avr/5.4.0/../../../avr/lib/avr5/libm.a(cmpsf2.o)
                              obj/main.o (__ltsf2)
/usr/lib/gcc/avr/5.4.0/../../../avr/lib/avr5/libm.a(divsf3.o)
                              obj/main.o (__divsf3)
/usr/lib/gcc/avr/5.4.0/../../../avr/lib/avr5/libm.a(divsf3x.o)
                              /usr/lib/gcc/avr/5.4.0/../../../avr/lib/avr5/libm.a(divsf3.o) (__divsf3x)
/usr/lib/gcc/avr/5.4.0/../../../avr/lib/avr5/libm.a(floatsisf.o)
                              obj/main.o (__floatunsisf)
/usr/lib/gcc/avr/5.4.0/../../../avr/lib/avr5/libm.a(fp_cmp.o)
                              /usr/lib/gcc/avr/5.4.0/../../../avr/lib/avr5/libm.a(cmpsf2.o) (__fp_cmp)
/usr/lib/gcc/avr/5.4.0/../../../avr/lib/avr5/libm.a(fp_inf.o)
                              /usr/lib/gcc/avr/5.4.0/../../../avr/lib/avr5/libm.a(addsf3x.o) (__fp_inf)
/usr/lib/gcc/avr/5.4.0/../../../avr/lib/avr5/libm.a(fp_nan.o)
                              /usr/lib/gcc/avr/5.4.0/../../../avr/lib/avr5/libm.a(addsf3x.o) (__fp_nan)
/usr/lib/gcc/avr/5.4.0/../../../avr/lib/avr5/libm.a(fp_pscA.o)
                              /usr/lib/gcc/avr/5.4.0/../../../avr/lib/avr5/libm.a(addsf3x.o) (__fp_pscA)
/usr/lib/gcc/avr/5.4.0/../../../avr/lib/avr5/libm.a(fp_pscB.o)
                              /usr/lib/gcc/avr/5.4.0/../../../avr/lib/avr5/libm.a(addsf3x.o) (__fp_pscB)
/usr/lib/gcc/avr/5.4.0/../../../avr/lib/avr5/libm.a(fp_round.o)
                              /usr/lib/gcc/avr/5.4.0/../../../avr/lib/avr5/libm.a(addsf3.o) (__fp_round)
/usr/lib/gcc/avr/5.4.0/../../../avr/lib/avr5/libm.a(fp_split3.o)
                              /usr/lib/gcc/avr/5.4.0/../../../avr/lib/avr5/libm.a(addsf3x.o) (__fp_split3)
/usr/lib/gcc/avr/5.4.0/../../../avr/lib/avr5/libm.a(fp_zero.o)
                              /usr/lib/gcc/avr/5.4.0/../../../avr/lib/avr5/libm.a(addsf3x.o) (__fp_zero)
/usr/lib/gcc/avr/5.4.0/../../../avr/lib/avr5/libm.a(gesf2.o)
                              obj/main.o (__gtsf2)
/usr/lib/gcc/avr/5.4.0/../../../avr/lib/avr5/libm.a(mulsf3.o)
                              obj/main.o (__mulsf3)
/usr/lib/gcc/avr/5.4.0/../../../avr/lib/avr5/libm.a(mulsf3x.o)
                              /usr/lib/gcc/avr/5.4.0/../../../avr/lib/avr5/libm.a(mulsf3.o) (__mulsf3x)
/usr/lib/gcc/avr/5.4.0/../../../avr/lib/avr5/libprintf_flt.a(vfprintf_flt.o)
                              (vfprintf)
/usr/lib/gcc/avr/5.4.0/../../../avr/lib/avr5/libscanf_flt.a(vfscanf_flt.o)
                              (vfscanf)
/usr/lib/gcc/avr/5.4.0/avr5/libgcc.a(_divmodhi4.o)
                              obj/serial.o (__divmodhi4)
/usr/lib/gcc/avr/5.4.0/avr5/libgcc.a(_udivmodsi4.o)
                              obj/serial.o (__udivmodsi4)
/usr/lib/gcc/avr/5.4.0/avr5/libgcc.a(_exit.o)
                              /usr/lib/gcc/avr/5.4.0/../../../avr/lib/avr5/crtatmega32u4.o (exit)
/usr/lib/gcc/avr/5.4.0/avr5/libgcc.a(_copy_data.o)
                              obj/main.o (__do_copy_data)
/usr/lib/gcc/avr/5.4.0/avr5/libgcc.a(_clear_bss.o)
                              obj/main.o (__do_clear_bss)
/usr/lib/gcc/avr/5.4.0/avr5/libgcc.a(_prologue.o)
                              /usr/lib/gcc/avr/5.4.0/../../../avr/lib/avr5/libprintf_flt.a(vfprintf_flt.o) (__prologue_saves__)
/usr/lib/gcc/avr/5.4.0/avr5/libgcc.a(_epilogue.o)
                              /usr/lib/gcc/avr/5.4.0/../../../avr/lib/avr5/libprintf_flt.a(vfprintf_flt.o) (__epilogue_restores__)
/usr/lib/gcc/avr/5.4.0/avr5/libgcc.a(_ashrdi3.o)
                              obj/main.o (__ashrdi3)
/usr/lib/gcc/avr/5.4.0/avr5/libgcc.a(_adddi3.o)
                              obj/main.o (__adddi3)
/usr/lib/gcc/avr/5.4.0/avr5/libgcc.a(_adddi3_s8.o)
                              obj/main.o (__adddi3_s8)
/usr/lib/gcc/avr/5.4.0/avr5/libgcc.a(_cmpdi2_s8.o)
                              obj/main.o (__cmpdi2_s8)
/usr/lib/gcc/avr/5.4.0/avr5/libgcc.a(_udivmodhi4.o)
                              /usr/lib/gcc/avr/5.4.0/avr5/libgcc.a(_divmodhi4.o) (__udivmodhi4)
/usr/lib/gcc/avr/5.4.0/../../../avr/lib/avr5/libc.a(ftoa_engine.o)
                              /usr/lib/gcc/avr/5.4.0/../../../avr/lib/avr5/libprintf_flt.a(vfprintf_flt.o) (__ftoa_engine)
/usr/lib/gcc/avr/5.4.0/../../../avr/lib/avr5/libc.a(isspace.o)
                              /usr/lib/gcc/avr/5.4.0/../../../avr/lib/avr5/libscanf_flt.a(vfscanf_flt.o) (isspace)
/usr/lib/gcc/avr/5.4.0/../../../avr/lib/avr5/libc.a(tolower.o)
                              /usr/lib/gcc/avr/5.4.0/../../../avr/lib/avr5/libscanf_flt.a(vfscanf_flt.o) (tolower)
/usr/lib/gcc/avr/5.4.0/../../../avr/lib/avr5/libc.a(memcpy_P.o)
[...]
Memory Configuration

Name             Origin             Length             Attributes
text             0x0000000000000000 0x0000000000020000 xr
data             0x0000000000800060 0x000000000000ffa0 rw !x
eeprom           0x0000000000810000 0x0000000000010000 rw !x
fuse             0x0000000000820000 0x0000000000000003 rw !x
lock             0x0000000000830000 0x0000000000000400 rw !x
signature        0x0000000000840000 0x0000000000000400 rw !x
user_signatures  0x0000000000850000 0x0000000000000400 rw !x
*default*        0x0000000000000000 0xffffffffffffffff

Linker script and memory map

Address of section .data set to 0x800100
LOAD /usr/lib/gcc/avr/5.4.0/../../../avr/lib/avr5/crtatmega32u4.o
LOAD obj/main.o
LOAD obj/serial.o
LOAD obj/spi.o
LOAD obj/i2c.o
LOAD obj/Descriptors.o
LOAD obj/HIDParser.o
LOAD obj/Device_AVR8.o
LOAD obj/EndpointStream_AVR8.o
LOAD obj/Endpoint_AVR8.o
LOAD obj/Host_AVR8.o
LOAD obj/PipeStream_AVR8.o
LOAD obj/Pipe_AVR8.o
LOAD obj/USBController_AVR8.o
LOAD obj/USBInterrupt_AVR8.o
LOAD obj/ConfigDescriptors.o
LOAD obj/DeviceStandardReq.o
LOAD obj/Events.o
LOAD obj/HostStandardReq.o
LOAD obj/USBTask.o
LOAD obj/AudioClassDevice.o
LOAD obj/CDCClassDevice.o
LOAD obj/HIDClassDevice.o
LOAD obj/MassStorageClassDevice.o
LOAD obj/MIDIClassDevice.o
LOAD obj/PrinterClassDevice.o
LOAD obj/RNDISClassDevice.o
LOAD obj/AndroidAccessoryClassHost.o
LOAD obj/AudioClassHost.o
LOAD obj/CDCClassHost.o
LOAD obj/HIDClassHost.o
LOAD obj/MassStorageClassHost.o
LOAD obj/MIDIClassHost.o
LOAD obj/PrinterClassHost.o
LOAD obj/RNDISClassHost.o
LOAD obj/StillImageClassHost.o
LOAD /usr/lib/gcc/avr/5.4.0/../../../avr/lib/avr5/libm.a
LOAD /usr/lib/gcc/avr/5.4.0/../../../avr/lib/avr5/libprintf_flt.a
LOAD /usr/lib/gcc/avr/5.4.0/../../../avr/lib/avr5/libscanf_flt.a
START GROUP
LOAD /usr/lib/gcc/avr/5.4.0/avr5/libgcc.a
LOAD /usr/lib/gcc/avr/5.4.0/../../../avr/lib/avr5/libm.a
LOAD /usr/lib/gcc/avr/5.4.0/../../../avr/lib/avr5/libc.a
LOAD /usr/lib/gcc/avr/5.4.0/../../../avr/lib/avr5/libatmega32u4.a
END GROUP
                0x0000000000020000                __TEXT_REGION_LENGTH__ = DEFINED (__TEXT_REGION_LENGTH__)?__TEXT_REGION_LENGTH__:0x20000
                0x000000000000ffa0                __DATA_REGION_LENGTH__ = DEFINED (__DATA_REGION_LENGTH__)?__DATA_REGION_LENGTH__:0xffa0
                0x0000000000010000                __EEPROM_REGION_LENGTH__ = DEFINED (__EEPROM_REGION_LENGTH__)?__EEPROM_REGION_LENGTH__:0x10000
                [0x0000000000000003]                __FUSE_REGION_LENGTH__ = DEFINED (__FUSE_REGION_LENGTH__)?__FUSE_REGION_LENGTH__:0x400
                0x0000000000000400                __LOCK_REGION_LENGTH__ = DEFINED (__LOCK_REGION_LENGTH__)?__LOCK_REGION_LENGTH__:0x400
                0x0000000000000400                __SIGNATURE_REGION_LENGTH__ = DEFINED (__SIGNATURE_REGION_LENGTH__)?__SIGNATURE_REGION_LENGTH__:0x400
                0x0000000000000400                __USER_SIGNATURE_REGION_LENGTH__ = DEFINED (__USER_SIGNATURE_REGION_LENGTH__)?__USER_SIGNATURE_REGION_LENGTH__:0x400

.hash
 *(.hash)

.dynsym
 *(.dynsym)

.dynstr
 *(.dynstr)

.gnu.version
 *(.gnu.version)

.gnu.version_d
 *(.gnu.version_d)

.gnu.version_r
 *(.gnu.version_r)

.rel.init
 *(.rel.init)

.rela.init
 *(.rela.init)

.rel.text
 *(.rel.text)
 *(.rel.text.*)
 *(.rel.gnu.linkonce.t*)

.rela.text
 *(.rela.text)
 *(.rela.text.*)
 *(.rela.gnu.linkonce.t*)

.rel.fini
 *(.rel.fini)

.rela.fini
 *(.rela.fini)

.rel.rodata
 *(.rel.rodata)
 *(.rel.rodata.*)
 *(.rel.gnu.linkonce.r*)

.rela.rodata
 *(.rela.rodata)
 *(.rela.rodata.*)
 *(.rela.gnu.linkonce.r*)

.rel.data
 *(.rel.data)
 *(.rel.data.*)
 *(.rel.gnu.linkonce.d*)

.rela.data
 *(.rela.data)
 *(.rela.data.*)
 *(.rela.gnu.linkonce.d*)

.rel.ctors
 *(.rel.ctors)

.rela.ctors
 *(.rela.ctors)

.rel.dtors
 *(.rel.dtors)

.rela.dtors
 *(.rela.dtors)

.rel.got
 *(.rel.got)

.rela.got
 *(.rela.got)

.rel.bss
 *(.rel.bss)

.rela.bss
 *(.rela.bss)

.rel.plt
 *(.rel.plt)

.rela.plt
 *(.rela.plt)

.text           0x0000000000000000     0x2ef8
 *(.vectors)
 .vectors       0x0000000000000000       0xac /usr/lib/gcc/avr/5.4.0/../../../avr/lib/avr5/crtatmega32u4.o
                0x0000000000000000                __vectors
                0x0000000000000000                __vector_default
 *(.vectors)
 *(.progmem.gcc*)
                0x00000000000000ac                . = ALIGN (0x2)
                0x00000000000000ac                __trampolines_start = .
 *(.trampolines)
 .trampolines   0x00000000000000ac        0x0 linker stubs
 *(.trampolines*)
                0x00000000000000ac                __trampolines_end = .
 *libprintf_flt.a:*(.progmem.data)
 .progmem.data  0x00000000000000ac        0x8 /usr/lib/gcc/avr/5.4.0/../../../avr/lib/avr5/libprintf_flt.a(vfprintf_flt.o)
 *libc.a:*(.progmem.data)
 .progmem.data  0x00000000000000b4       0xfa /usr/lib/gcc/avr/5.4.0/../../../avr/lib/avr5/libc.a(ftoa_engine.o)
 *(.progmem*)
 .progmem.data  0x00000000000001ae       0xa8 obj/Descriptors.o
                0x00000000000001ae                ProductString
                0x00000000000001d2                ManufacturerString
                0x0000000000000202                LanguageString
                0x0000000000000206                ConfigurationDescriptor
                0x0000000000000244                DeviceDescriptor
 .progmem.data  0x0000000000000256       0x4d /usr/lib/gcc/avr/5.4.0/../../../avr/lib/avr5/libscanf_flt.a(vfscanf_flt.o)
                0x00000000000002a4                . = ALIGN (0x2)
 *fill*         0x00000000000002a3        0x1 
 *(.jumptables)
 *(.jumptables*)
 *(.lowtext)
 *(.lowtext*)
                0x00000000000002a4                __ctors_start = .
 *(.ctors)
                0x00000000000002a4                __ctors_end = .
                0x00000000000002a4                __dtors_start = .
 *(.dtors)
                0x00000000000002a4                __dtors_end = .
 SORT(*)(.ctors)
 SORT(*)(.dtors)
 *(.init0)
 .init0         0x00000000000002a4        0x0 /usr/lib/gcc/avr/5.4.0/../../../avr/lib/avr5/crtatmega32u4.o
                0x00000000000002a4                __init
 *(.init0)
 *(.init1)
 *(.init1)
 *(.init2)
 .init2         0x00000000000002a4        0xc /usr/lib/gcc/avr/5.4.0/../../../avr/lib/avr5/crtatmega32u4.o
 *(.init2)
 *(.init3)
 *(.init3)
 *(.init4)
 .init4         0x00000000000002b0       0x16 /usr/lib/gcc/avr/5.4.0/avr5/libgcc.a(_copy_data.o)
                0x00000000000002b0                __do_copy_data
 .init4         0x00000000000002c6       0x10 /usr/lib/gcc/avr/5.4.0/avr5/libgcc.a(_clear_bss.o)
                0x00000000000002c6                __do_clear_bss
 *(.init4)
 *(.init5)
 *(.init5)
 *(.init6)
 *(.init6)
 *(.init7)
 *(.init7)
 *(.init8)
 *(.init8)
 *(.init9)
 .init9         0x00000000000002d6        0x6 /usr/lib/gcc/avr/5.4.0/../../../avr/lib/avr5/crtatmega32u4.o
 *(.init9)
 *(.text)
 .text          0x00000000000002dc        0x2 /usr/lib/gcc/avr/5.4.0/../../../avr/lib/avr5/crtatmega32u4.o
                0x00000000000002dc                __vector_38
                0x00000000000002dc                __vector_22
                0x00000000000002dc                __vector_28
                0x00000000000002dc                __vector_1
                0x00000000000002dc                __vector_32
                0x00000000000002dc                __vector_34
                0x00000000000002dc                __vector_24
                0x00000000000002dc                __vector_12
                0x00000000000002dc                __bad_interrupt
                0x00000000000002dc                __vector_6
                0x00000000000002dc                __vector_31
                0x00000000000002dc                __vector_35
                0x00000000000002dc                __vector_39
                0x00000000000002dc                __vector_3
                0x00000000000002dc                __vector_23
                0x00000000000002dc                __vector_30
                0x00000000000002dc                __vector_13
                0x00000000000002dc                __vector_17
                0x00000000000002dc                __vector_19
                0x00000000000002dc                __vector_7
                0x00000000000002dc                __vector_41
                0x00000000000002dc                __vector_27
                0x00000000000002dc                __vector_5
                0x00000000000002dc                __vector_33
                0x00000000000002dc                __vector_37
                0x00000000000002dc                __vector_4
                0x00000000000002dc                __vector_9
                0x00000000000002dc                __vector_2
                0x00000000000002dc                __vector_21
                0x00000000000002dc                __vector_15
                0x00000000000002dc                __vector_36
                0x00000000000002dc                __vector_29
                0x00000000000002dc                __vector_40
                0x00000000000002dc                __vector_8
                0x00000000000002dc                __vector_26
                0x00000000000002dc                __vector_14
                0x00000000000002dc                __vector_16
                0x00000000000002dc                __vector_18
                0x00000000000002dc                __vector_20
                0x00000000000002dc                __vector_42
                0x00000000000002de                . = ALIGN (0x2)
 *(.text.*)
 .text.update_mcp4911_1
                0x00000000000002de       0x44 obj/main.o
                0x00000000000002de                update_mcp4911_1
 .text.update_mcp4911_2
                0x0000000000000322       0x44 obj/main.o
                0x0000000000000322                update_mcp4911_2
 .text.read_ltc2452_1
                0x0000000000000366       0x42 obj/main.o
                0x0000000000000366                read_ltc2452_1
 .text.read_ltc2452_2
                0x00000000000003a8       0x42 obj/main.o
                0x00000000000003a8                read_ltc2452_2
 .text.read_ltc2452_3
                0x00000000000003ea       0x42 obj/main.o
                0x00000000000003ea                read_ltc2452_3
 .text.read_temperature
                0x000000000000042c       0x42 obj/main.o
                0x000000000000042c                read_temperature
 .text.get_temperature
                0x000000000000046e       0xfe obj/main.o
                0x000000000000046e                get_temperature
 .text.EVENT_USB_Device_Connect
                0x000000000000056c        0x2 obj/main.o
                0x000000000000056c                EVENT_USB_Device_Connect
 .text.EVENT_USB_Device_Disconnect
                0x000000000000056e        0x2 obj/main.o
                0x000000000000056e                EVENT_USB_Device_Disconnect
 .text.EVENT_USB_Device_ConfigurationChanged
                0x0000000000000570        0x6 obj/main.o
                0x0000000000000570                EVENT_USB_Device_ConfigurationChanged
 .text.EVENT_USB_Device_ControlRequest
                0x0000000000000576        0x8 obj/main.o
                0x0000000000000576                EVENT_USB_Device_ControlRequest
 .text.EVENT_CDC_Device_ControLineStateChanged
                0x000000000000057e        0x2 obj/main.o
                0x000000000000057e                EVENT_CDC_Device_ControLineStateChanged
 .text.print    0x0000000000000580      0x104 obj/main.o
                0x0000000000000580                print
 .text.led1_update
                0x0000000000000684       0x20 obj/main.o
                0x0000000000000684                led1_update
 .text.led2_update
                0x00000000000006a4       0x20 obj/main.o
                0x00000000000006a4                led2_update
 .text.led_default
                0x00000000000006c4       0x62 obj/main.o
                0x00000000000006c4                led_default
 .text.CDC_Recive_Event
                0x0000000000000726       0x2a obj/main.o
                0x0000000000000726                CDC_Recive_Event
 .text.CDC_Recive_Event_Process
                0x0000000000000750      0x1e8 obj/main.o
                0x0000000000000750                CDC_Recive_Event_Process
 .text.SetupHardware
                0x0000000000000938       0x9c obj/main.o
                0x0000000000000938                SetupHardware
 .text.startup.main
                0x00000000000009d4       0x1c obj/main.o
                0x00000000000009d4                main
 .text.serial_init
                0x00000000000009f0       0x2a obj/serial.o
                0x00000000000009f0                serial_init
 .text.__vector_25
                0x0000000000000a1a       0x72 obj/serial.o
                0x0000000000000a1a                __vector_25
 .text.spi_init
                0x0000000000000a8c        0xc obj/spi.o
                0x0000000000000a8c                spi_init
 .text.spi_transfer
                0x0000000000000a98        0xe obj/spi.o
                0x0000000000000a98                spi_transfer
 .text.CALLBACK_USB_GetDescriptor
                0x0000000000000aa6       0x60 obj/Descriptors.o
                0x0000000000000aa6                CALLBACK_USB_GetDescriptor
 .text.Endpoint_Write_Control_Stream_LE
                0x0000000000000b06       0xbc obj/EndpointStream_AVR8.o
                0x0000000000000b06                Endpoint_Write_Control_Stream_LE
 .text.Endpoint_Write_Control_PStream_LE
                0x0000000000000bc2       0xc2 obj/EndpointStream_AVR8.o
                0x0000000000000bc2                Endpoint_Write_Control_PStream_LE
 .text.Endpoint_ConfigureEndpoint_Prv
                0x0000000000000c84       0x6a obj/Endpoint_AVR8.o
                0x0000000000000c84                Endpoint_ConfigureEndpoint_Prv
 .text.Endpoint_ConfigureEndpointTable
                0x0000000000000cee       0x7a obj/Endpoint_AVR8.o
                0x0000000000000cee                Endpoint_ConfigureEndpointTable
 .text.Endpoint_ClearStatusStage
                0x0000000000000d68       0x3e obj/Endpoint_AVR8.o
                0x0000000000000d68                Endpoint_ClearStatusStage
 .text.Endpoint_WaitUntilReady
                0x0000000000000da6       0x66 obj/Endpoint_AVR8.o
                0x0000000000000da6                Endpoint_WaitUntilReady
 .text.USB_ResetInterface
                0x0000000000000e0c       0x80 obj/USBController_AVR8.o
                0x0000000000000e0c                USB_ResetInterface
 .text.USB_Init
                0x0000000000000e8c       0x20 obj/USBController_AVR8.o
                0x0000000000000e8c                USB_Init
 .text.USB_INT_DisableAllInterrupts
                0x0000000000000eac       0x10 obj/USBInterrupt_AVR8.o
                0x0000000000000eac                USB_INT_DisableAllInterrupts
 .text.USB_INT_ClearAllInterrupts
                0x0000000000000ebc        0xa obj/USBInterrupt_AVR8.o
                0x0000000000000ebc                USB_INT_ClearAllInterrupts
 .text.__vector_10
                0x0000000000000ec6      0x196 obj/USBInterrupt_AVR8.o
                0x0000000000000ec6                __vector_10
 .text.__vector_11
                0x000000000000105c       0x86 obj/USBInterrupt_AVR8.o
                0x000000000000105c                __vector_11
 .text.USB_Device_ProcessControlRequest
                0x00000000000010e2      0x2c2 obj/DeviceStandardReq.o
                0x00000000000010e2                USB_Device_ProcessControlRequest
 .text.USB_Event_Stub
                0x00000000000013a4        0x2 obj/Events.o
                0x00000000000013a4                EVENT_USB_Device_WakeUp
                0x00000000000013a4                USB_Event_Stub
                0x00000000000013a4                EVENT_USB_Device_Suspend
                0x00000000000013a4                EVENT_USB_Device_StartOfFrame
                0x00000000000013a4                EVENT_USB_Device_Reset
 .text.USB_USBTask
                0x00000000000013a6       0x34 obj/USBTask.o
                0x00000000000013a6                USB_USBTask
 .text.CDC_Device_ConfigureEndpoints
                0x00000000000013da       0x4a obj/CDCClassDevice.o
                0x00000000000013da                CDC_Device_ConfigureEndpoints
 .text.CDC_Device_SendByte
                0x0000000000001424       0x56 obj/CDCClassDevice.o
                0x0000000000001424                CDC_Device_SendByte
 .text.CDC_Device_putchar
                0x000000000000147a       0x20 obj/CDCClassDevice.o
 .text.CDC_Device_Flush
                0x000000000000149a       0x5c obj/CDCClassDevice.o
                0x000000000000149a                CDC_Device_Flush
 .text.CDC_Device_USBTask
                0x00000000000014f6       0x2c obj/CDCClassDevice.o
                0x00000000000014f6                CDC_Device_USBTask
 .text.CDC_Device_ReceiveByte
                0x0000000000001522       0x6a obj/CDCClassDevice.o
                0x0000000000001522                CDC_Device_ReceiveByte
 .text.CDC_Device_getchar
                0x000000000000158c       0x12 obj/CDCClassDevice.o
 .text.CDC_Device_CreateStream
                0x000000000000159e       0x26 obj/CDCClassDevice.o
                0x000000000000159e                CDC_Device_CreateStream
 .text.CDC_Device_Event_Stub
                0x00000000000015c4        0x2 obj/CDCClassDevice.o
                0x00000000000015c4                EVENT_CDC_Device_LineEncodingChanged
                0x00000000000015c4                EVENT_CDC_Device_BreakSent
                0x00000000000015c4                CDC_Device_Event_Stub
 .text.CDC_Device_ProcessControlRequest
                0x00000000000015c6      0x162 obj/CDCClassDevice.o
                0x00000000000015c6                CDC_Device_ProcessControlRequest
 .text.avr-libc.fplib
                0x0000000000001728        0xa /usr/lib/gcc/avr/5.4.0/../../../avr/lib/avr5/libm.a(addsf3.o)
                0x0000000000001728                __subsf3
                0x000000000000172a                __addsf3
 .text.avr-libc.fplib
                0x0000000000001732       0xc0 /usr/lib/gcc/avr/5.4.0/../../../avr/lib/avr5/libm.a(addsf3x.o)
                0x000000000000174c                __addsf3x
 .text.avr-libc.fplib
                0x00000000000017f2        0x8 /usr/lib/gcc/avr/5.4.0/../../../avr/lib/avr5/libm.a(cmpsf2.o)
                0x00000000000017f2                __lesf2
                0x00000000000017f2                __nesf2
                0x00000000000017f2                __eqsf2
                0x00000000000017f2                __cmpsf2
                0x00000000000017f2                __ltsf2
 .text.avr-libc.fplib
                0x00000000000017fa        0x4 /usr/lib/gcc/avr/5.4.0/../../../avr/lib/avr5/libm.a(divsf3.o)
                0x00000000000017fa                __divsf3
 .text.avr-libc.fplib
                0x00000000000017fe       0xcc /usr/lib/gcc/avr/5.4.0/../../../avr/lib/avr5/libm.a(divsf3x.o)
                0x0000000000001814                __divsf3x
                0x0000000000001818                __divsf3_pse
 .text.avr-libc.fplib
                0x00000000000018ca       0x7a /usr/lib/gcc/avr/5.4.0/../../../avr/lib/avr5/libm.a(floatsisf.o)
                0x00000000000018ca                __floatunsisf
                0x00000000000018ce                __floatsisf
 .text.avr-libc.fplib
                0x0000000000001944       0x48 /usr/lib/gcc/avr/5.4.0/../../../avr/lib/avr5/libm.a(fp_cmp.o)
                0x0000000000001944                __fp_cmp
 .text.avr-libc.fplib
                0x000000000000198c        0xc /usr/lib/gcc/avr/5.4.0/../../../avr/lib/avr5/libm.a(fp_inf.o)
                0x000000000000198c                __fp_inf
 .text.avr-libc.fplib
                0x0000000000001998        0x6 /usr/lib/gcc/avr/5.4.0/../../../avr/lib/avr5/libm.a(fp_nan.o)
                0x0000000000001998                __fp_nan
 .text.avr-libc.fplib
                0x000000000000199e        0xe /usr/lib/gcc/avr/5.4.0/../../../avr/lib/avr5/libm.a(fp_pscA.o)
                0x000000000000199e                __fp_pscA
 .text.avr-libc.fplib
                0x00000000000019ac        0xe /usr/lib/gcc/avr/5.4.0/../../../avr/lib/avr5/libm.a(fp_pscB.o)
                0x00000000000019ac                __fp_pscB
 .text.avr-libc.fplib
                0x00000000000019ba       0x22 /usr/lib/gcc/avr/5.4.0/../../../avr/lib/avr5/libm.a(fp_round.o)
                0x00000000000019ba                __fp_round
 .text.avr-libc.fplib
                0x00000000000019dc       0x44 /usr/lib/gcc/avr/5.4.0/../../../avr/lib/avr5/libm.a(fp_split3.o)
                0x00000000000019dc                __fp_split3
                0x00000000000019ec                __fp_splitA
 .text.avr-libc.fplib
                0x0000000000001a20        0xe /usr/lib/gcc/avr/5.4.0/../../../avr/lib/avr5/libm.a(fp_zero.o)
                0x0000000000001a20                __fp_zero
                0x0000000000001a22                __fp_szero
 .text.avr-libc.fplib
                0x0000000000001a2e        0x8 /usr/lib/gcc/avr/5.4.0/../../../avr/lib/avr5/libm.a(gesf2.o)
                0x0000000000001a2e                __gtsf2
                0x0000000000001a2e                __gesf2
 .text.avr-libc.fplib
                0x0000000000001a36        0x4 /usr/lib/gcc/avr/5.4.0/../../../avr/lib/avr5/libm.a(mulsf3.o)
                0x0000000000001a36                __mulsf3
 .text.avr-libc.fplib
                0x0000000000001a3a       0xc2 /usr/lib/gcc/avr/5.4.0/../../../avr/lib/avr5/libm.a(mulsf3x.o)
                0x0000000000001a4e                __mulsf3x
                0x0000000000001a52                __mulsf3_pse
 .text.avr-libc
                0x0000000000001afc      0x6be /usr/lib/gcc/avr/5.4.0/../../../avr/lib/avr5/libprintf_flt.a(vfprintf_flt.o)
                0x0000000000001afc                vfprintf
 .text.avr-libc
                0x00000000000021ba      0x7ba /usr/lib/gcc/avr/5.4.0/../../../avr/lib/avr5/libscanf_flt.a(vfscanf_flt.o)
                0x0000000000002732                vfscanf
 .text.libgcc.div
                0x0000000000002974       0x44 /usr/lib/gcc/avr/5.4.0/avr5/libgcc.a(_udivmodsi4.o)
                0x0000000000002974                __udivmodsi4
 .text.libgcc.prologue
                0x00000000000029b8       0x38 /usr/lib/gcc/avr/5.4.0/avr5/libgcc.a(_prologue.o)
                0x00000000000029b8                __prologue_saves__
 .text.libgcc.prologue
                0x00000000000029f0       0x36 /usr/lib/gcc/avr/5.4.0/avr5/libgcc.a(_epilogue.o)
                0x00000000000029f0                __epilogue_restores__
 .text.avr-libc
                0x0000000000002a26      0x1b0 /usr/lib/gcc/avr/5.4.0/../../../avr/lib/avr5/libc.a(ftoa_engine.o)
                0x0000000000002a26                __ftoa_engine
 .text.avr-libc
                0x0000000000002bd6       0x10 /usr/lib/gcc/avr/5.4.0/../../../avr/lib/avr5/libc.a(isspace.o)
                0x0000000000002bd6                isspace
 .text.avr-libc
                0x0000000000002be6       0x10 /usr/lib/gcc/avr/5.4.0/../../../avr/lib/avr5/libc.a(tolower.o)
                0x0000000000002be6                tolower
 .text.avr-libc
                0x0000000000002bf6       0x16 /usr/lib/gcc/avr/5.4.0/../../../avr/lib/avr5/libc.a(strchr_P.o)
                0x0000000000002bf6                strchr_P
 .text.avr-libc
                0x0000000000002c0c       0x16 /usr/lib/gcc/avr/5.4.0/../../../avr/lib/avr5/libc.a(strnlen_P.o)
                0x0000000000002c0c                strnlen_P
 .text.avr-libc
                0x0000000000002c22       0x1c /usr/lib/gcc/avr/5.4.0/../../../avr/lib/avr5/libc.a(strncmp.o)
                0x0000000000002c22                strncmp
 .text.avr-libc
                0x0000000000002c3e       0x16 /usr/lib/gcc/avr/5.4.0/../../../avr/lib/avr5/libc.a(strnlen.o)
                0x0000000000002c3e                strnlen
 .text.avr-libc
                0x0000000000002c54       0x7c /usr/lib/gcc/avr/5.4.0/../../../avr/lib/avr5/libc.a(fgetc.o)
                0x0000000000002c54                fgetc
 .text.avr-libc
                0x0000000000002cd0       0x78 /usr/lib/gcc/avr/5.4.0/../../../avr/lib/avr5/libc.a(fputc.o)
                0x0000000000002cd0                fputc
 .text.avr-libc
                0x0000000000002d48       0x40 /usr/lib/gcc/avr/5.4.0/../../../avr/lib/avr5/libc.a(sprintf.o)
                0x0000000000002d48                sprintf
 .text.avr-libc
                0x0000000000002d88       0x2c /usr/lib/gcc/avr/5.4.0/../../../avr/lib/avr5/libc.a(sscanf.o)
                0x0000000000002d88                sscanf
 .text.avr-libc
                0x0000000000002db4       0x32 /usr/lib/gcc/avr/5.4.0/../../../avr/lib/avr5/libc.a(ungetc.o)
                0x0000000000002db4                ungetc
 .text.avr-libc
                0x0000000000002de6       0xbc /usr/lib/gcc/avr/5.4.0/../../../avr/lib/avr5/libc.a(ultoa_invert.o)
                0x0000000000002de6                __ultoa_invert
 .text.avr-libc
                0x0000000000002ea2        0x6 /usr/lib/gcc/avr/5.4.0/../../../avr/lib/avr5/libc.a(cty_isfalse.o)
                0x0000000000002ea2                __ctype_isfalse
                0x0000000000002ea6                __ctype_istrue
 .text.avr-libc
                0x0000000000002ea8        0xa /usr/lib/gcc/avr/5.4.0/../../../avr/lib/avr5/libatmega32u4.a(eerd_word.o)
                0x0000000000002ea8                eeprom_read_word
 .text.avr-libc
                0x0000000000002eb2        0x6 /usr/lib/gcc/avr/5.4.0/../../../avr/lib/avr5/libatmega32u4.a(eewr_word.o)
                0x0000000000002eb2                eeprom_write_word
 .text.avr-libc
                0x0000000000002eb8       0x20 /usr/lib/gcc/avr/5.4.0/../../../avr/lib/avr5/libatmega32u4.a(eerd_block.o)
                0x0000000000002eb8                eeprom_read_block
                0x0000000000002ebc                eeprom_read_blraw
 .text.avr-libc
                0x0000000000002ed8       0x1c /usr/lib/gcc/avr/5.4.0/../../../avr/lib/avr5/libatmega32u4.a(eewr_byte.o)
                0x0000000000002ed8                eeprom_write_byte
                0x0000000000002eda                eeprom_write_r18
                0x0000000000002ef4                . = ALIGN (0x2)
 *(.fini9)
 .fini9         0x0000000000002ef4        0x0 /usr/lib/gcc/avr/5.4.0/avr5/libgcc.a(_exit.o)
                0x0000000000002ef4                exit
                0x0000000000002ef4                _exit
 *(.fini9)
 *(.fini8)
 *(.fini8)
 *(.fini7)
 *(.fini7)
 *(.fini6)
 *(.fini6)
 *(.fini5)
 *(.fini5)
 *(.fini4)
 *(.fini4)
 *(.fini3)
 *(.fini3)
 *(.fini2)
 *(.fini2)
 *(.fini1)
 *(.fini1)
 *(.fini0)
 .fini0         0x0000000000002ef4        0x4 /usr/lib/gcc/avr/5.4.0/avr5/libgcc.a(_exit.o)
 *(.fini0)
                0x0000000000002ef8                _etext = .

.data           0x0000000000800100       0x6e load address 0x0000000000002ef8
                0x0000000000800100                PROVIDE (__data_start, .)
 *(.data)
 .data          0x0000000000800100       0x1b obj/main.o
                0x0000000000800100                VirtualSerial_CDC_Interface
 *(.data*)
 *(.rodata)
 *(.rodata*)
 .rodata.str1.1
                0x000000000080011b       0x53 obj/main.o
 *(.gnu.linkonce.d*)
                0x000000000080016e                . = ALIGN (0x2)
                0x000000000080016e                _edata = .
                0x000000000080016e                PROVIDE (__data_end, .)

.bss            0x000000000080016e       0xa7
                0x000000000080016e                PROVIDE (__bss_start, .)
 *(.bss)
 .bss           0x000000000080016e       0x36 obj/main.o
                0x000000000080016e                integ
                0x0000000000800170                opticalpower3
                0x0000000000800178                opticalpower2
                0x0000000000800180                opticalpower1
                0x0000000000800188                temperature2
                0x000000000080018c                temperature1
                0x0000000000800190                cdc_recive_terminator
                0x0000000000800191                cdc_recive_index
 .bss           0x00000000008001a4        0x4 obj/serial.o
                0x00000000008001a4                tx_tail
                0x00000000008001a5                tx_head
                0x00000000008001a6                rx_tail
                0x00000000008001a7                rx_head
 *(.bss*)
 *(COMMON)
 COMMON         0x00000000008001a8       0x20 obj/main.o
                0x00000000008001a8                recvBuffer
 COMMON         0x00000000008001c8       0x40 obj/serial.o
                0x00000000008001c8                rx
                0x00000000008001e8                tx
 COMMON         0x0000000000800208        0x3 obj/DeviceStandardReq.o
                0x0000000000800208                USB_Device_ConfigurationNumber
                0x0000000000800209                USB_Device_CurrentlySelfPowered
                0x000000000080020a                USB_Device_RemoteWakeupEnabled
 COMMON         0x000000000080020b        0xa obj/USBTask.o
                0x000000000080020b                USB_IsInitialized
                0x000000000080020c                USB_DeviceState
                0x000000000080020d                USB_ControlRequest
                0x0000000000800215                PROVIDE (__bss_end, .)
                0x0000000000002ef8                __data_load_start = LOADADDR (.data)
                0x0000000000002f66                __data_load_end = (__data_load_start + SIZEOF (.data))

.noinit         0x0000000000800215        0x0
                [!provide]                        PROVIDE (__noinit_start, .)
 *(.noinit*)
                [!provide]                        PROVIDE (__noinit_end, .)
                0x0000000000800215                _end = .
                [!provide]                        PROVIDE (__heap_start, .)

.eeprom         0x0000000000810000        0x8
 *(.eeprom*)
 .eeprom        0x0000000000810000        0x8 obj/main.o
                0x0000000000810008                __eeprom_end = .

.fuse
 *(.fuse)
 *(.lfuse)
 *(.hfuse)
 *(.efuse)

.lock
 *(.lock*)

.signature
 *(.signature*)

.user_signatures
 *(.user_signatures*)

.stab
 *(.stab)

.stabstr
 *(.stabstr)

.stab.excl
 *(.stab.excl)

.stab.exclstr
 *(.stab.exclstr)

.stab.index
 *(.stab.index)

.stab.indexstr
 *(.stab.indexstr)

.comment        0x0000000000000000       0x11
 *(.comment)
 .comment       0x0000000000000000       0x11 obj/main.o
                                         0x12 (size before relaxing)
 .comment       0x0000000000000011       0x12 obj/serial.o
 .comment       0x0000000000000011       0x12 obj/spi.o
 .comment       0x0000000000000011       0x12 obj/Descriptors.o
 .comment       0x0000000000000011       0x12 obj/EndpointStream_AVR8.o
 .comment       0x0000000000000011       0x12 obj/Endpoint_AVR8.o
 .comment       0x0000000000000011       0x12 obj/USBController_AVR8.o
 .comment       0x0000000000000011       0x12 obj/USBInterrupt_AVR8.o
 .comment       0x0000000000000011       0x12 obj/DeviceStandardReq.o
 .comment       0x0000000000000011       0x12 obj/Events.o
 .comment       0x0000000000000011       0x12 obj/USBTask.o
 .comment       0x0000000000000011       0x12 obj/CDCClassDevice.o
 .comment       0x0000000000000011       0x12 /usr/lib/gcc/avr/5.4.0/../../../avr/lib/avr5/libprintf_flt.a(vfprintf_flt.o)
 .comment       0x0000000000000011       0x12 /usr/lib/gcc/avr/5.4.0/../../../avr/lib/avr5/libscanf_flt.a(vfscanf_flt.o)
 .comment       0x0000000000000011       0x12 /usr/lib/gcc/avr/5.4.0/../../../avr/lib/avr5/libc.a(fgetc.o)
 .comment       0x0000000000000011       0x12 /usr/lib/gcc/avr/5.4.0/../../../avr/lib/avr5/libc.a(fputc.o)
 .comment       0x0000000000000011       0x12 /usr/lib/gcc/avr/5.4.0/../../../avr/lib/avr5/libc.a(sprintf.o)
 .comment       0x0000000000000011       0x12 /usr/lib/gcc/avr/5.4.0/../../../avr/lib/avr5/libc.a(sscanf.o)
 .comment       0x0000000000000011       0x12 /usr/lib/gcc/avr/5.4.0/../../../avr/lib/avr5/libc.a(ungetc.o)

.note.gnu.avr.deviceinfo
                0x0000000000000000       0x40
 .note.gnu.avr.deviceinfo
                0x0000000000000000       0x40 /usr/lib/gcc/avr/5.4.0/../../../avr/lib/avr5/crtatmega32u4.o

.note.gnu.build-id
 *(.note.gnu.build-id)

.debug
 *(.debug)

.line
 *(.line)

.debug_srcinfo
 *(.debug_srcinfo)

.debug_sfnames
 *(.debug_sfnames)

.debug_aranges  0x0000000000000000      0x3d0
 *(.debug_aranges)
 .debug_aranges
                0x0000000000000000       0xc8 obj/main.o
 .debug_aranges
                0x00000000000000c8       0x48 obj/serial.o
 .debug_aranges
                0x0000000000000110       0x28 obj/spi.o
 .debug_aranges
                0x0000000000000138       0x20 obj/Descriptors.o
 .debug_aranges
                0x0000000000000158       0xc8 obj/EndpointStream_AVR8.o
 .debug_aranges
                0x0000000000000220       0x40 obj/Endpoint_AVR8.o
 .debug_aranges
                0x0000000000000260       0x30 obj/USBController_AVR8.o
 .debug_aranges
                0x0000000000000290       0x38 obj/USBInterrupt_AVR8.o
 .debug_aranges
                0x00000000000002c8       0x20 obj/DeviceStandardReq.o
 .debug_aranges
                0x00000000000002e8       0x20 obj/Events.o
 .debug_aranges
                0x0000000000000308       0x20 obj/USBTask.o
 .debug_aranges
                0x0000000000000328       0xa8 obj/CDCClassDevice.o

.debug_pubnames
 *(.debug_pubnames)

.debug_info     0x0000000000000000     0x7003
 *(.debug_info .gnu.linkonce.wi.*)
 .debug_info    0x0000000000000000      0x9f4 /usr/lib/gcc/avr/5.4.0/../../../avr/lib/avr5/crtatmega32u4.o
 .debug_info    0x00000000000009f4     0x13ac obj/main.o
 .debug_info    0x0000000000001da0      0x236 obj/serial.o
 .debug_info    0x0000000000001fd6       0xac obj/spi.o
 .debug_info    0x0000000000002082      0x79a obj/Descriptors.o
 .debug_info    0x000000000000281c     0x17c8 obj/EndpointStream_AVR8.o
 .debug_info    0x0000000000003fe4      0x620 obj/Endpoint_AVR8.o
 .debug_info    0x0000000000004604      0x4e7 obj/USBController_AVR8.o
 .debug_info    0x0000000000004aeb      0x7e7 obj/USBInterrupt_AVR8.o
 .debug_info    0x00000000000052d2      0xa4c obj/DeviceStandardReq.o
 .debug_info    0x0000000000005d1e       0x78 obj/Events.o
 .debug_info    0x0000000000005d96      0x272 obj/USBTask.o
 .debug_info    0x0000000000006008      0xffb obj/CDCClassDevice.o

.debug_abbrev   0x0000000000000000     0x20f9
 *(.debug_abbrev)
 .debug_abbrev  0x0000000000000000      0x96a /usr/lib/gcc/avr/5.4.0/../../../avr/lib/avr5/crtatmega32u4.o
 .debug_abbrev  0x000000000000096a      0x47f obj/main.o
 .debug_abbrev  0x0000000000000de9      0x133 obj/serial.o
 .debug_abbrev  0x0000000000000f1c       0x78 obj/spi.o
 .debug_abbrev  0x0000000000000f94      0x159 obj/Descriptors.o
 .debug_abbrev  0x00000000000010ed      0x1ea obj/EndpointStream_AVR8.o
 .debug_abbrev  0x00000000000012d7      0x226 obj/Endpoint_AVR8.o
 .debug_abbrev  0x00000000000014fd      0x191 obj/USBController_AVR8.o
 .debug_abbrev  0x000000000000168e      0x213 obj/USBInterrupt_AVR8.o
 .debug_abbrev  0x00000000000018a1      0x29c obj/DeviceStandardReq.o
 .debug_abbrev  0x0000000000001b3d       0x44 obj/Events.o
 .debug_abbrev  0x0000000000001b81      0x16b obj/USBTask.o
 .debug_abbrev  0x0000000000001cec      0x40d obj/CDCClassDevice.o

.debug_line     0x0000000000000000     0x39fe
 *(.debug_line .debug_line.* .debug_line_end)
 .debug_line    0x0000000000000000       0x1a /usr/lib/gcc/avr/5.4.0/../../../avr/lib/avr5/crtatmega32u4.o
 .debug_line    0x000000000000001a      0x89b obj/main.o
 .debug_line    0x00000000000008b5      0x169 obj/serial.o
 .debug_line    0x0000000000000a1e       0x92 obj/spi.o
 .debug_line    0x0000000000000ab0      0x196 obj/Descriptors.o
 .debug_line    0x0000000000000c46     0x13aa obj/EndpointStream_AVR8.o
 .debug_line    0x0000000000001ff0      0x43f obj/Endpoint_AVR8.o
 .debug_line    0x000000000000242f      0x2ad obj/USBController_AVR8.o
 .debug_line    0x00000000000026dc      0x4cb obj/USBInterrupt_AVR8.o
 .debug_line    0x0000000000002ba7      0x445 obj/DeviceStandardReq.o
 .debug_line    0x0000000000002fec       0x4c obj/Events.o
 .debug_line    0x0000000000003038      0x142 obj/USBTask.o
 .debug_line    0x000000000000317a      0x884 obj/CDCClassDevice.o

.debug_frame    0x0000000000000000      0xb88
 *(.debug_frame)
 .debug_frame   0x0000000000000000      0x2ec obj/main.o
 .debug_frame   0x00000000000002ec       0xa8 obj/serial.o
 .debug_frame   0x0000000000000394       0x34 obj/spi.o
 .debug_frame   0x00000000000003c8       0x24 obj/Descriptors.o
 .debug_frame   0x00000000000003ec      0x3bc obj/EndpointStream_AVR8.o
 .debug_frame   0x00000000000007a8       0x78 obj/Endpoint_AVR8.o
 .debug_frame   0x0000000000000820       0x58 obj/USBController_AVR8.o
 .debug_frame   0x0000000000000878       0xec obj/USBInterrupt_AVR8.o
 .debug_frame   0x0000000000000964       0x3c obj/DeviceStandardReq.o
 .debug_frame   0x00000000000009a0       0x24 obj/Events.o
 .debug_frame   0x00000000000009c4       0x2c obj/USBTask.o
 .debug_frame   0x00000000000009f0      0x198 obj/CDCClassDevice.o

.debug_str      0x0000000000000000     0x29e7
 *(.debug_str)
 .debug_str     0x0000000000000000      0x371 /usr/lib/gcc/avr/5.4.0/../../../avr/lib/avr5/crtatmega32u4.o
 .debug_str     0x0000000000000371      0x85b obj/main.o
                                        0x8ea (size before relaxing)
 .debug_str     0x0000000000000bcc       0x7c obj/serial.o
                                        0x237 (size before relaxing)
 .debug_str     0x0000000000000c48        0x6 obj/spi.o
                                        0x1ac (size before relaxing)
 .debug_str     0x0000000000000c4e      0x918 obj/Descriptors.o
                                        0xb6e (size before relaxing)
 .debug_str     0x0000000000001566      0x677 obj/EndpointStream_AVR8.o
                                        0x86c (size before relaxing)
 .debug_str     0x0000000000001bdd      0x2d0 obj/Endpoint_AVR8.o
                                        0x62c (size before relaxing)
 .debug_str     0x0000000000001ead      0x287 obj/USBController_AVR8.o
                                        0x56b (size before relaxing)
 .debug_str     0x0000000000002134      0x1a3 obj/USBInterrupt_AVR8.o
                                        0x5ea (size before relaxing)
 .debug_str     0x00000000000022d7      0x418 obj/DeviceStandardReq.o
                                        0x9de (size before relaxing)
 .debug_str     0x00000000000026ef       0x2e obj/Events.o
                                        0x1b0 (size before relaxing)
 .debug_str     0x000000000000271d       0x3c obj/USBTask.o
                                        0x391 (size before relaxing)
 .debug_str     0x0000000000002759      0x28e obj/CDCClassDevice.o
                                        0xa83 (size before relaxing)

.debug_loc      0x0000000000000000     0x438a
 *(.debug_loc)
 .debug_loc     0x0000000000000000      0xadd obj/main.o
 .debug_loc     0x0000000000000add      0x166 obj/serial.o
 .debug_loc     0x0000000000000c43       0x1f obj/spi.o
 .debug_loc     0x0000000000000c62      0x186 obj/Descriptors.o
 .debug_loc     0x0000000000000de8     0x1f97 obj/EndpointStream_AVR8.o
 .debug_loc     0x0000000000002d7f      0x38d obj/Endpoint_AVR8.o
 .debug_loc     0x000000000000310c       0xd5 obj/USBController_AVR8.o
 .debug_loc     0x00000000000031e1      0x3f4 obj/USBInterrupt_AVR8.o
 .debug_loc     0x00000000000035d5      0x2f6 obj/DeviceStandardReq.o
 .debug_loc     0x00000000000038cb       0x49 obj/USBTask.o
 .debug_loc     0x0000000000003914      0xa76 obj/CDCClassDevice.o

.debug_macinfo
 *(.debug_macinfo)

.debug_weaknames
 *(.debug_weaknames)

.debug_funcnames
 *(.debug_funcnames)

.debug_typenames
 *(.debug_typenames)

.debug_varnames
 *(.debug_varnames)

.debug_pubtypes
 *(.debug_pubtypes)

.debug_ranges   0x0000000000000000      0x4c8
 *(.debug_ranges)
 .debug_ranges  0x0000000000000000       0xb8 obj/main.o
 .debug_ranges  0x00000000000000b8       0x38 obj/serial.o
 .debug_ranges  0x00000000000000f0       0x18 obj/spi.o
 .debug_ranges  0x0000000000000108       0x28 obj/Descriptors.o
 .debug_ranges  0x0000000000000130      0x1f8 obj/EndpointStream_AVR8.o
 .debug_ranges  0x0000000000000328       0x78 obj/Endpoint_AVR8.o
 .debug_ranges  0x00000000000003a0       0x20 obj/USBController_AVR8.o
 .debug_ranges  0x00000000000003c0       0x28 obj/USBInterrupt_AVR8.o
 .debug_ranges  0x00000000000003e8       0x28 obj/DeviceStandardReq.o
 .debug_ranges  0x0000000000000410       0x10 obj/Events.o
 .debug_ranges  0x0000000000000420       0x10 obj/USBTask.o
 .debug_ranges  0x0000000000000430       0x98 obj/CDCClassDevice.o

.debug_macro
 *(.debug_macro)
OUTPUT(cmiv2029.elf elf32-avr)
LOAD linker stubs

Cross Reference Table

Symbol                                            File
Audio_Device_ConfigureEndpoints                   obj/AudioClassDevice.o
Audio_Device_Event_Stub                           obj/AudioClassDevice.o
Audio_Device_ProcessControlRequest                obj/AudioClassDevice.o
CALLBACK_Audio_Device_GetSetEndpointProperty      obj/AudioClassDevice.o
CALLBACK_Audio_Device_GetSetInterfaceProperty     obj/AudioClassDevice.o
CALLBACK_HIDParser_FilterHIDReportItem            obj/HIDParser.o
CALLBACK_HID_Device_CreateHIDReport               obj/HIDClassDevice.o
CALLBACK_HID_Device_ProcessHIDReport              obj/HIDClassDevice.o
CALLBACK_MS_Device_SCSICommandReceived            obj/MassStorageClassDevice.o
CALLBACK_USB_GetDescriptor                        obj/Descriptors.o
                                                  obj/DeviceStandardReq.o
CDC_Device_BytesReceived                          obj/CDCClassDevice.o
CDC_Device_ConfigureEndpoints                     obj/CDCClassDevice.o
                                                  obj/main.o
CDC_Device_CreateBlockingStream                   obj/CDCClassDevice.o
CDC_Device_CreateStream                           obj/CDCClassDevice.o
                                                  obj/main.o
CDC_Device_Event_Stub                             obj/CDCClassDevice.o
CDC_Device_Flush                                  obj/CDCClassDevice.o
CDC_Device_ProcessControlRequest                  obj/CDCClassDevice.o
                                                  obj/main.o
CDC_Device_ReceiveByte                            obj/CDCClassDevice.o
                                                  obj/main.o
CDC_Device_SendByte                               obj/CDCClassDevice.o
                                                  obj/main.o
CDC_Device_SendControlLineStateChange             obj/CDCClassDevice.o
CDC_Device_SendData                               obj/CDCClassDevice.o
CDC_Device_SendData_P                             obj/CDCClassDevice.o
CDC_Device_SendString                             obj/CDCClassDevice.o
CDC_Device_SendString_P                           obj/CDCClassDevice.o
CDC_Device_USBTask                                obj/CDCClassDevice.o
                                                  obj/main.o
CDC_Recive_Event                                  obj/main.o
CDC_Recive_Event_Process                          obj/main.o
ConfigurationDescriptor                           obj/Descriptors.o
DeviceDescriptor                                  obj/Descriptors.o
EVENT_Audio_Device_StreamStartStop                obj/AudioClassDevice.o
EVENT_CDC_Device_BreakSent                        obj/CDCClassDevice.o
EVENT_CDC_Device_ControLineStateChanged           obj/main.o
EVENT_CDC_Device_LineEncodingChanged              obj/CDCClassDevice.o
EVENT_PRNT_Device_SoftReset                       obj/PrinterClassDevice.o
EVENT_USB_Device_ConfigurationChanged             obj/main.o
                                                  obj/DeviceStandardReq.o
EVENT_USB_Device_Connect                          obj/main.o
                                                  obj/USBInterrupt_AVR8.o
EVENT_USB_Device_ControlRequest                   obj/main.o
                                                  obj/DeviceStandardReq.o
EVENT_USB_Device_Disconnect                       obj/main.o
                                                  obj/USBInterrupt_AVR8.o
EVENT_USB_Device_Reset                            obj/Events.o
                                                  obj/USBInterrupt_AVR8.o
EVENT_USB_Device_StartOfFrame                     obj/Events.o
                                                  obj/USBInterrupt_AVR8.o
EVENT_USB_Device_Suspend                          obj/Events.o
                                                  obj/USBInterrupt_AVR8.o
EVENT_USB_Device_WakeUp                           obj/Events.o
                                                  obj/USBInterrupt_AVR8.o
Endpoint_ClearEndpoints                           obj/Endpoint_AVR8.o
Endpoint_ClearStatusStage                         obj/Endpoint_AVR8.o
                                                  obj/PrinterClassDevice.o
                                                  obj/MassStorageClassDevice.o
                                                  obj/HIDClassDevice.o
                                                  obj/CDCClassDevice.o
                                                  obj/AudioClassDevice.o
                                                  obj/DeviceStandardReq.o
Endpoint_ConfigureEndpointTable                   obj/Endpoint_AVR8.o
                                                  obj/RNDISClassDevice.o
                                                  obj/PrinterClassDevice.o
                                                  obj/MIDIClassDevice.o
                                                  obj/MassStorageClassDevice.o
                                                  obj/HIDClassDevice.o
                                                  obj/CDCClassDevice.o
                                                  obj/AudioClassDevice.o
Endpoint_ConfigureEndpoint_Prv                    obj/Endpoint_AVR8.o
                                                  obj/USBInterrupt_AVR8.o
                                                  obj/USBController_AVR8.o
Endpoint_Discard_Stream                           obj/EndpointStream_AVR8.o
Endpoint_Null_Stream                              obj/EndpointStream_AVR8.o
Endpoint_Read_Control_EStream_BE                  obj/EndpointStream_AVR8.o
Endpoint_Read_Control_EStream_LE                  obj/EndpointStream_AVR8.o
Endpoint_Read_Control_Stream_BE                   obj/EndpointStream_AVR8.o
Endpoint_Read_Control_Stream_LE                   obj/EndpointStream_AVR8.o
                                                  obj/RNDISClassDevice.o
                                                  obj/HIDClassDevice.o
                                                  obj/AudioClassDevice.o
Endpoint_Read_EStream_BE                          obj/EndpointStream_AVR8.o
Endpoint_Read_EStream_LE                          obj/EndpointStream_AVR8.o
Endpoint_Read_Stream_BE                           obj/EndpointStream_AVR8.o
Endpoint_Read_Stream_LE                           obj/EndpointStream_AVR8.o
                                                  obj/RNDISClassDevice.o
                                                  obj/MIDIClassDevice.o
                                                  obj/MassStorageClassDevice.o
Endpoint_WaitUntilReady                           obj/Endpoint_AVR8.o
                                                  obj/RNDISClassDevice.o
                                                  obj/PrinterClassDevice.o
                                                  obj/MIDIClassDevice.o
                                                  obj/CDCClassDevice.o
                                                  obj/EndpointStream_AVR8.o
Endpoint_Write_Control_EStream_BE                 obj/EndpointStream_AVR8.o
Endpoint_Write_Control_EStream_LE                 obj/EndpointStream_AVR8.o
Endpoint_Write_Control_PStream_BE                 obj/EndpointStream_AVR8.o
Endpoint_Write_Control_PStream_LE                 obj/EndpointStream_AVR8.o
                                                  obj/DeviceStandardReq.o
Endpoint_Write_Control_Stream_BE                  obj/EndpointStream_AVR8.o
Endpoint_Write_Control_Stream_LE                  obj/EndpointStream_AVR8.o
                                                  obj/RNDISClassDevice.o
                                                  obj/PrinterClassDevice.o
                                                  obj/HIDClassDevice.o
                                                  obj/AudioClassDevice.o
                                                  obj/DeviceStandardReq.o
Endpoint_Write_EStream_BE                         obj/EndpointStream_AVR8.o
Endpoint_Write_EStream_LE                         obj/EndpointStream_AVR8.o
Endpoint_Write_PStream_BE                         obj/EndpointStream_AVR8.o
Endpoint_Write_PStream_LE                         obj/EndpointStream_AVR8.o
                                                  obj/CDCClassDevice.o
Endpoint_Write_Stream_BE                          obj/EndpointStream_AVR8.o
Endpoint_Write_Stream_LE                          obj/EndpointStream_AVR8.o
                                                  obj/RNDISClassDevice.o
                                                  obj/PrinterClassDevice.o
                                                  obj/MIDIClassDevice.o
                                                  obj/MassStorageClassDevice.o
                                                  obj/HIDClassDevice.o
                                                  obj/CDCClassDevice.o
HID_Device_ConfigureEndpoints                     obj/HIDClassDevice.o
HID_Device_ProcessControlRequest                  obj/HIDClassDevice.o
HID_Device_USBTask                                obj/HIDClassDevice.o
LanguageString                                    obj/Descriptors.o
MIDI_Device_ConfigureEndpoints                    obj/MIDIClassDevice.o
MIDI_Device_Flush                                 obj/MIDIClassDevice.o
MIDI_Device_ReceiveEventPacket                    obj/MIDIClassDevice.o
MIDI_Device_SendEventPacket                       obj/MIDIClassDevice.o
MIDI_Device_USBTask                               obj/MIDIClassDevice.o
MS_Device_ConfigureEndpoints                      obj/MassStorageClassDevice.o
MS_Device_ProcessControlRequest                   obj/MassStorageClassDevice.o
MS_Device_USBTask                                 obj/MassStorageClassDevice.o
ManufacturerString                                obj/Descriptors.o
PRNT_Device_BytesReceived                         obj/PrinterClassDevice.o
PRNT_Device_ConfigureEndpoints                    obj/PrinterClassDevice.o
PRNT_Device_CreateBlockingStream                  obj/PrinterClassDevice.o
PRNT_Device_CreateStream                          obj/PrinterClassDevice.o
PRNT_Device_Event_Stub                            obj/PrinterClassDevice.o
PRNT_Device_Flush                                 obj/PrinterClassDevice.o
PRNT_Device_ProcessControlRequest                 obj/PrinterClassDevice.o
PRNT_Device_ReceiveByte                           obj/PrinterClassDevice.o
PRNT_Device_SendByte                              obj/PrinterClassDevice.o
PRNT_Device_SendData                              obj/PrinterClassDevice.o
PRNT_Device_SendString                            obj/PrinterClassDevice.o
PRNT_Device_USBTask                               obj/PrinterClassDevice.o
ProductString                                     obj/Descriptors.o
RNDIS_Device_ConfigureEndpoints                   obj/RNDISClassDevice.o
RNDIS_Device_IsPacketReceived                     obj/RNDISClassDevice.o
RNDIS_Device_ProcessControlRequest                obj/RNDISClassDevice.o
RNDIS_Device_ReadPacket                           obj/RNDISClassDevice.o
RNDIS_Device_SendPacket                           obj/RNDISClassDevice.o
RNDIS_Device_USBTask                              obj/RNDISClassDevice.o
SetupHardware                                     obj/main.o
USB_ControlRequest                                obj/USBTask.o
                                                  obj/RNDISClassDevice.o
                                                  obj/PrinterClassDevice.o
                                                  obj/MassStorageClassDevice.o
                                                  obj/HIDClassDevice.o
                                                  obj/CDCClassDevice.o
                                                  obj/AudioClassDevice.o
                                                  obj/DeviceStandardReq.o
                                                  obj/Endpoint_AVR8.o
                                                  obj/EndpointStream_AVR8.o
USB_DeviceState                                   obj/USBTask.o
                                                  obj/RNDISClassDevice.o
                                                  obj/PrinterClassDevice.o
                                                  obj/MIDIClassDevice.o
                                                  obj/MassStorageClassDevice.o
                                                  obj/HIDClassDevice.o
                                                  obj/CDCClassDevice.o
                                                  obj/DeviceStandardReq.o
                                                  obj/USBInterrupt_AVR8.o
                                                  obj/USBController_AVR8.o
                                                  obj/Endpoint_AVR8.o
                                                  obj/EndpointStream_AVR8.o
USB_Device_ConfigurationNumber                    obj/DeviceStandardReq.o
                                                  obj/USBInterrupt_AVR8.o
                                                  obj/USBController_AVR8.o
USB_Device_CurrentlySelfPowered                   obj/DeviceStandardReq.o
                                                  obj/USBController_AVR8.o
USB_Device_ProcessControlRequest                  obj/DeviceStandardReq.o
                                                  obj/USBTask.o
                                                  obj/USBInterrupt_AVR8.o
USB_Device_RemoteWakeupEnabled                    obj/DeviceStandardReq.o
                                                  obj/USBController_AVR8.o
USB_Device_SendRemoteWakeup                       obj/Device_AVR8.o
USB_Disable                                       obj/USBController_AVR8.o
USB_Event_Stub                                    obj/Events.o
USB_GetHIDReportItemInfo                          obj/HIDParser.o
USB_GetHIDReportSize                              obj/HIDParser.o
USB_GetNextDescriptorComp                         obj/ConfigDescriptors.o
USB_GetNextDescriptorOfType                       obj/ConfigDescriptors.o
USB_GetNextDescriptorOfTypeAfter                  obj/ConfigDescriptors.o
USB_GetNextDescriptorOfTypeBefore                 obj/ConfigDescriptors.o
USB_INT_ClearAllInterrupts                        obj/USBInterrupt_AVR8.o
                                                  obj/USBController_AVR8.o
USB_INT_DisableAllInterrupts                      obj/USBInterrupt_AVR8.o
                                                  obj/USBController_AVR8.o
USB_Init                                          obj/USBController_AVR8.o
                                                  obj/main.o
USB_IsInitialized                                 obj/USBTask.o
                                                  obj/USBController_AVR8.o
USB_ProcessHIDReport                              obj/HIDParser.o
USB_ResetInterface                                obj/USBController_AVR8.o
USB_SetHIDReportItemInfo                          obj/HIDParser.o
USB_USBTask                                       obj/USBTask.o
                                                  obj/PrinterClassDevice.o
                                                  obj/CDCClassDevice.o
                                                  obj/main.o
VirtualSerial_CDC_Interface                       obj/main.o
__FUSE_REGION_LENGTH__                            /usr/lib/gcc/avr/5.4.0/../../../avr/lib/avr5/crtatmega32u4.o
__adddi3                                          /usr/lib/gcc/avr/5.4.0/avr5/libgcc.a(_adddi3.o)
                                                  obj/main.o
__adddi3_s8                                       /usr/lib/gcc/avr/5.4.0/avr5/libgcc.a(_adddi3_s8.o)
                                                  obj/main.o
__addsf3                                          /usr/lib/gcc/avr/5.4.0/../../../avr/lib/avr5/libm.a(addsf3.o)
                                                  obj/main.o
__addsf3x                                         /usr/lib/gcc/avr/5.4.0/../../../avr/lib/avr5/libm.a(addsf3x.o)
                                                  /usr/lib/gcc/avr/5.4.0/../../../avr/lib/avr5/libm.a(addsf3.o)
__ashrdi3                                         /usr/lib/gcc/avr/5.4.0/avr5/libgcc.a(_ashrdi3.o)
                                                  obj/main.o
__bad_interrupt                                   /usr/lib/gcc/avr/5.4.0/../../../avr/lib/avr5/crtatmega32u4.o
__bss_end                                         /usr/lib/gcc/avr/5.4.0/avr5/libgcc.a(_clear_bss.o)
__bss_start                                       /usr/lib/gcc/avr/5.4.0/avr5/libgcc.a(_clear_bss.o)
__cmpdi2_s8                                       /usr/lib/gcc/avr/5.4.0/avr5/libgcc.a(_cmpdi2_s8.o)
                                                  obj/main.o
__cmpsf2                                          /usr/lib/gcc/avr/5.4.0/../../../avr/lib/avr5/libm.a(cmpsf2.o)
__ctype_isfalse                                   /usr/lib/gcc/avr/5.4.0/../../../avr/lib/avr5/libc.a(cty_isfalse.o)
                                                  /usr/lib/gcc/avr/5.4.0/../../../avr/lib/avr5/libc.a(isspace.o)
__ctype_istrue                                    /usr/lib/gcc/avr/5.4.0/../../../avr/lib/avr5/libc.a(cty_isfalse.o)
__data_end                                        /usr/lib/gcc/avr/5.4.0/avr5/libgcc.a(_copy_data.o)
__data_load_start                                 /usr/lib/gcc/avr/5.4.0/avr5/libgcc.a(_copy_data.o)
__data_start                                      /usr/lib/gcc/avr/5.4.0/avr5/libgcc.a(_copy_data.o)
__divmodhi4                                       /usr/lib/gcc/avr/5.4.0/avr5/libgcc.a(_divmodhi4.o)
                                                  obj/serial.o
__divsf3                                          /usr/lib/gcc/avr/5.4.0/../../../avr/lib/avr5/libm.a(divsf3.o)
                                                  obj/main.o
__divsf3_pse                                      /usr/lib/gcc/avr/5.4.0/../../../avr/lib/avr5/libm.a(divsf3x.o)
__divsf3x                                         /usr/lib/gcc/avr/5.4.0/../../../avr/lib/avr5/libm.a(divsf3x.o)
                                                  /usr/lib/gcc/avr/5.4.0/../../../avr/lib/avr5/libm.a(divsf3.o)
__do_clear_bss                                    /usr/lib/gcc/avr/5.4.0/avr5/libgcc.a(_clear_bss.o)
                                                  obj/USBTask.o
                                                  obj/DeviceStandardReq.o
                                                  obj/serial.o
                                                  obj/main.o
__do_copy_data                                    /usr/lib/gcc/avr/5.4.0/avr5/libgcc.a(_copy_data.o)
                                                  obj/RNDISClassDevice.o
                                                  obj/CDCClassDevice.o
                                                  obj/main.o
__epilogue_restores__                             /usr/lib/gcc/avr/5.4.0/avr5/libgcc.a(_epilogue.o)
                                                  /usr/lib/gcc/avr/5.4.0/../../../avr/lib/avr5/libc.a(sscanf.o)
                                                  /usr/lib/gcc/avr/5.4.0/../../../avr/lib/avr5/libc.a(sprintf.o)
                                                  /usr/lib/gcc/avr/5.4.0/../../../avr/lib/avr5/libscanf_flt.a(vfscanf_flt.o)
                                                  /usr/lib/gcc/avr/5.4.0/../../../avr/lib/avr5/libprintf_flt.a(vfprintf_flt.o)
__eqsf2                                           /usr/lib/gcc/avr/5.4.0/../../../avr/lib/avr5/libm.a(cmpsf2.o)
__floatsisf                                       /usr/lib/gcc/avr/5.4.0/../../../avr/lib/avr5/libm.a(floatsisf.o)
                                                  obj/main.o
__floatunsisf                                     /usr/lib/gcc/avr/5.4.0/../../../avr/lib/avr5/libm.a(floatsisf.o)
                                                  /usr/lib/gcc/avr/5.4.0/../../../avr/lib/avr5/libscanf_flt.a(vfscanf_flt.o)
                                                  obj/main.o
__fp_cmp                                          /usr/lib/gcc/avr/5.4.0/../../../avr/lib/avr5/libm.a(fp_cmp.o)
                                                  /usr/lib/gcc/avr/5.4.0/../../../avr/lib/avr5/libm.a(gesf2.o)
                                                  /usr/lib/gcc/avr/5.4.0/../../../avr/lib/avr5/libm.a(cmpsf2.o)
__fp_inf                                          /usr/lib/gcc/avr/5.4.0/../../../avr/lib/avr5/libm.a(fp_inf.o)
                                                  /usr/lib/gcc/avr/5.4.0/../../../avr/lib/avr5/libm.a(mulsf3x.o)
                                                  /usr/lib/gcc/avr/5.4.0/../../../avr/lib/avr5/libm.a(divsf3x.o)
                                                  /usr/lib/gcc/avr/5.4.0/../../../avr/lib/avr5/libm.a(addsf3x.o)
__fp_nan                                          /usr/lib/gcc/avr/5.4.0/../../../avr/lib/avr5/libm.a(fp_nan.o)
                                                  /usr/lib/gcc/avr/5.4.0/../../../avr/lib/avr5/libm.a(mulsf3x.o)
                                                  /usr/lib/gcc/avr/5.4.0/../../../avr/lib/avr5/libm.a(divsf3x.o)
                                                  /usr/lib/gcc/avr/5.4.0/../../../avr/lib/avr5/libm.a(addsf3x.o)
__fp_pscA                                         /usr/lib/gcc/avr/5.4.0/../../../avr/lib/avr5/libm.a(fp_pscA.o)
                                                  /usr/lib/gcc/avr/5.4.0/../../../avr/lib/avr5/libm.a(mulsf3x.o)
                                                  /usr/lib/gcc/avr/5.4.0/../../../avr/lib/avr5/libm.a(divsf3x.o)
                                                  /usr/lib/gcc/avr/5.4.0/../../../avr/lib/avr5/libm.a(addsf3x.o)
__fp_pscB                                         /usr/lib/gcc/avr/5.4.0/../../../avr/lib/avr5/libm.a(fp_pscB.o)
                                                  /usr/lib/gcc/avr/5.4.0/../../../avr/lib/avr5/libm.a(mulsf3x.o)
                                                  /usr/lib/gcc/avr/5.4.0/../../../avr/lib/avr5/libm.a(divsf3x.o)
                                                  /usr/lib/gcc/avr/5.4.0/../../../avr/lib/avr5/libm.a(addsf3x.o)
__fp_round                                        /usr/lib/gcc/avr/5.4.0/../../../avr/lib/avr5/libm.a(fp_round.o)
                                                  /usr/lib/gcc/avr/5.4.0/../../../avr/lib/avr5/libm.a(mulsf3.o)
                                                  /usr/lib/gcc/avr/5.4.0/../../../avr/lib/avr5/libm.a(divsf3.o)
                                                  /usr/lib/gcc/avr/5.4.0/../../../avr/lib/avr5/libm.a(addsf3.o)
__fp_split3                                       /usr/lib/gcc/avr/5.4.0/../../../avr/lib/avr5/libm.a(fp_split3.o)
                                                  /usr/lib/gcc/avr/5.4.0/../../../avr/lib/avr5/libm.a(mulsf3x.o)
                                                  /usr/lib/gcc/avr/5.4.0/../../../avr/lib/avr5/libm.a(divsf3x.o)
                                                  /usr/lib/gcc/avr/5.4.0/../../../avr/lib/avr5/libm.a(addsf3x.o)
__fp_splitA                                       /usr/lib/gcc/avr/5.4.0/../../../avr/lib/avr5/libm.a(fp_split3.o)
__fp_szero                                        /usr/lib/gcc/avr/5.4.0/../../../avr/lib/avr5/libm.a(fp_zero.o)
                                                  /usr/lib/gcc/avr/5.4.0/../../../avr/lib/avr5/libm.a(mulsf3x.o)
                                                  /usr/lib/gcc/avr/5.4.0/../../../avr/lib/avr5/libm.a(divsf3x.o)
__fp_zero                                         /usr/lib/gcc/avr/5.4.0/../../../avr/lib/avr5/libm.a(fp_zero.o)
                                                  /usr/lib/gcc/avr/5.4.0/../../../avr/lib/avr5/libm.a(addsf3x.o)
__ftoa_engine                                     /usr/lib/gcc/avr/5.4.0/../../../avr/lib/avr5/libc.a(ftoa_engine.o)
                                                  /usr/lib/gcc/avr/5.4.0/../../../avr/lib/avr5/libprintf_flt.a(vfprintf_flt.o)
__gesf2                                           /usr/lib/gcc/avr/5.4.0/../../../avr/lib/avr5/libm.a(gesf2.o)
__gtsf2                                           /usr/lib/gcc/avr/5.4.0/../../../avr/lib/avr5/libm.a(gesf2.o)
                                                  obj/main.o
__heap_end                                        /usr/lib/gcc/avr/5.4.0/../../../avr/lib/avr5/crtatmega32u4.o
__init                                            /usr/lib/gcc/avr/5.4.0/../../../avr/lib/avr5/crtatmega32u4.o
__lesf2                                           /usr/lib/gcc/avr/5.4.0/../../../avr/lib/avr5/libm.a(cmpsf2.o)
__lshrdi3                                         /usr/lib/gcc/avr/5.4.0/avr5/libgcc.a(_ashrdi3.o)
__ltsf2                                           /usr/lib/gcc/avr/5.4.0/../../../avr/lib/avr5/libm.a(cmpsf2.o)
                                                  obj/main.o
__mulsf3                                          /usr/lib/gcc/avr/5.4.0/../../../avr/lib/avr5/libm.a(mulsf3.o)
                                                  /usr/lib/gcc/avr/5.4.0/../../../avr/lib/avr5/libscanf_flt.a(vfscanf_flt.o)
                                                  obj/main.o
__mulsf3_pse                                      /usr/lib/gcc/avr/5.4.0/../../../avr/lib/avr5/libm.a(mulsf3x.o)
__mulsf3x                                         /usr/lib/gcc/avr/5.4.0/../../../avr/lib/avr5/libm.a(mulsf3x.o)
                                                  /usr/lib/gcc/avr/5.4.0/../../../avr/lib/avr5/libm.a(mulsf3.o)
__nesf2                                           /usr/lib/gcc/avr/5.4.0/../../../avr/lib/avr5/libm.a(cmpsf2.o)
__prologue_saves__                                /usr/lib/gcc/avr/5.4.0/avr5/libgcc.a(_prologue.o)
                                                  /usr/lib/gcc/avr/5.4.0/../../../avr/lib/avr5/libc.a(sscanf.o)
                                                  /usr/lib/gcc/avr/5.4.0/../../../avr/lib/avr5/libc.a(sprintf.o)
                                                  /usr/lib/gcc/avr/5.4.0/../../../avr/lib/avr5/libscanf_flt.a(vfscanf_flt.o)
                                                  /usr/lib/gcc/avr/5.4.0/../../../avr/lib/avr5/libprintf_flt.a(vfprintf_flt.o)
__stack                                           /usr/lib/gcc/avr/5.4.0/../../../avr/lib/avr5/crtatmega32u4.o
__strlen_P                                        /usr/lib/gcc/avr/5.4.0/../../../avr/lib/avr5/libc.a(strlen_P.o)
                                                  obj/CDCClassDevice.o
__subsf3                                          /usr/lib/gcc/avr/5.4.0/../../../avr/lib/avr5/libm.a(addsf3.o)
                                                  obj/main.o
__udivmodhi4                                      /usr/lib/gcc/avr/5.4.0/avr5/libgcc.a(_udivmodhi4.o)
                                                  /usr/lib/gcc/avr/5.4.0/avr5/libgcc.a(_divmodhi4.o)
__udivmodsi4                                      /usr/lib/gcc/avr/5.4.0/avr5/libgcc.a(_udivmodsi4.o)
                                                  obj/serial.o
__ultoa_invert                                    /usr/lib/gcc/avr/5.4.0/../../../avr/lib/avr5/libc.a(ultoa_invert.o)
                                                  /usr/lib/gcc/avr/5.4.0/../../../avr/lib/avr5/libprintf_flt.a(vfprintf_flt.o)
__vector_1                                        /usr/lib/gcc/avr/5.4.0/../../../avr/lib/avr5/crtatmega32u4.o
__vector_10                                       obj/USBInterrupt_AVR8.o
                                                  /usr/lib/gcc/avr/5.4.0/../../../avr/lib/avr5/crtatmega32u4.o
__vector_11                                       obj/USBInterrupt_AVR8.o
                                                  /usr/lib/gcc/avr/5.4.0/../../../avr/lib/avr5/crtatmega32u4.o
__vector_12                                       /usr/lib/gcc/avr/5.4.0/../../../avr/lib/avr5/crtatmega32u4.o
__vector_13                                       /usr/lib/gcc/avr/5.4.0/../../../avr/lib/avr5/crtatmega32u4.o
__vector_14                                       /usr/lib/gcc/avr/5.4.0/../../../avr/lib/avr5/crtatmega32u4.o
__vector_15                                       /usr/lib/gcc/avr/5.4.0/../../../avr/lib/avr5/crtatmega32u4.o
__vector_16                                       /usr/lib/gcc/avr/5.4.0/../../../avr/lib/avr5/crtatmega32u4.o
__vector_17                                       /usr/lib/gcc/avr/5.4.0/../../../avr/lib/avr5/crtatmega32u4.o
__vector_18                                       /usr/lib/gcc/avr/5.4.0/../../../avr/lib/avr5/crtatmega32u4.o
__vector_19                                       /usr/lib/gcc/avr/5.4.0/../../../avr/lib/avr5/crtatmega32u4.o
__vector_2                                        /usr/lib/gcc/avr/5.4.0/../../../avr/lib/avr5/crtatmega32u4.o
__vector_20                                       /usr/lib/gcc/avr/5.4.0/../../../avr/lib/avr5/crtatmega32u4.o
__vector_21                                       /usr/lib/gcc/avr/5.4.0/../../../avr/lib/avr5/crtatmega32u4.o
__vector_22                                       /usr/lib/gcc/avr/5.4.0/../../../avr/lib/avr5/crtatmega32u4.o
__vector_23                                       /usr/lib/gcc/avr/5.4.0/../../../avr/lib/avr5/crtatmega32u4.o
__vector_24                                       /usr/lib/gcc/avr/5.4.0/../../../avr/lib/avr5/crtatmega32u4.o
__vector_25                                       obj/serial.o
                                                  /usr/lib/gcc/avr/5.4.0/../../../avr/lib/avr5/crtatmega32u4.o
__vector_26                                       /usr/lib/gcc/avr/5.4.0/../../../avr/lib/avr5/crtatmega32u4.o
__vector_27                                       /usr/lib/gcc/avr/5.4.0/../../../avr/lib/avr5/crtatmega32u4.o
__vector_28                                       /usr/lib/gcc/avr/5.4.0/../../../avr/lib/avr5/crtatmega32u4.o
__vector_29                                       /usr/lib/gcc/avr/5.4.0/../../../avr/lib/avr5/crtatmega32u4.o
__vector_3                                        /usr/lib/gcc/avr/5.4.0/../../../avr/lib/avr5/crtatmega32u4.o
__vector_30                                       /usr/lib/gcc/avr/5.4.0/../../../avr/lib/avr5/crtatmega32u4.o
__vector_31                                       /usr/lib/gcc/avr/5.4.0/../../../avr/lib/avr5/crtatmega32u4.o
__vector_32                                       /usr/lib/gcc/avr/5.4.0/../../../avr/lib/avr5/crtatmega32u4.o
__vector_33                                       /usr/lib/gcc/avr/5.4.0/../../../avr/lib/avr5/crtatmega32u4.o
__vector_34                                       /usr/lib/gcc/avr/5.4.0/../../../avr/lib/avr5/crtatmega32u4.o
__vector_35                                       /usr/lib/gcc/avr/5.4.0/../../../avr/lib/avr5/crtatmega32u4.o
__vector_36                                       /usr/lib/gcc/avr/5.4.0/../../../avr/lib/avr5/crtatmega32u4.o
__vector_37                                       /usr/lib/gcc/avr/5.4.0/../../../avr/lib/avr5/crtatmega32u4.o
__vector_38                                       /usr/lib/gcc/avr/5.4.0/../../../avr/lib/avr5/crtatmega32u4.o
__vector_39                                       /usr/lib/gcc/avr/5.4.0/../../../avr/lib/avr5/crtatmega32u4.o
__vector_4                                        /usr/lib/gcc/avr/5.4.0/../../../avr/lib/avr5/crtatmega32u4.o
__vector_40                                       /usr/lib/gcc/avr/5.4.0/../../../avr/lib/avr5/crtatmega32u4.o
__vector_41                                       /usr/lib/gcc/avr/5.4.0/../../../avr/lib/avr5/crtatmega32u4.o
__vector_42                                       /usr/lib/gcc/avr/5.4.0/../../../avr/lib/avr5/crtatmega32u4.o
__vector_5                                        /usr/lib/gcc/avr/5.4.0/../../../avr/lib/avr5/crtatmega32u4.o
__vector_6                                        /usr/lib/gcc/avr/5.4.0/../../../avr/lib/avr5/crtatmega32u4.o
__vector_7                                        /usr/lib/gcc/avr/5.4.0/../../../avr/lib/avr5/crtatmega32u4.o
__vector_8                                        /usr/lib/gcc/avr/5.4.0/../../../avr/lib/avr5/crtatmega32u4.o
__vector_9                                        /usr/lib/gcc/avr/5.4.0/../../../avr/lib/avr5/crtatmega32u4.o
__vector_default                                  /usr/lib/gcc/avr/5.4.0/../../../avr/lib/avr5/crtatmega32u4.o
__vectors                                         /usr/lib/gcc/avr/5.4.0/../../../avr/lib/avr5/crtatmega32u4.o
_div                                              /usr/lib/gcc/avr/5.4.0/avr5/libgcc.a(_divmodhi4.o)
_exit                                             /usr/lib/gcc/avr/5.4.0/avr5/libgcc.a(_exit.o)
cdc_recive_index                                  obj/main.o
cdc_recive_terminator                             obj/main.o
eeprom_read_block                                 /usr/lib/gcc/avr/5.4.0/../../../avr/lib/avr5/libatmega32u4.a(eerd_block.o)
eeprom_read_blraw                                 /usr/lib/gcc/avr/5.4.0/../../../avr/lib/avr5/libatmega32u4.a(eerd_block.o)
                                                  /usr/lib/gcc/avr/5.4.0/../../../avr/lib/avr5/libatmega32u4.a(eerd_word.o)
eeprom_read_byte                                  /usr/lib/gcc/avr/5.4.0/../../../avr/lib/avr5/libatmega32u4.a(eerd_byte.o)
                                                  obj/EndpointStream_AVR8.o
eeprom_read_word                                  /usr/lib/gcc/avr/5.4.0/../../../avr/lib/avr5/libatmega32u4.a(eerd_word.o)
                                                  obj/main.o
eeprom_update_byte                                /usr/lib/gcc/avr/5.4.0/../../../avr/lib/avr5/libatmega32u4.a(eeupd_byte.o)
                                                  obj/EndpointStream_AVR8.o
eeprom_update_r18                                 /usr/lib/gcc/avr/5.4.0/../../../avr/lib/avr5/libatmega32u4.a(eeupd_byte.o)
eeprom_write_byte                                 /usr/lib/gcc/avr/5.4.0/../../../avr/lib/avr5/libatmega32u4.a(eewr_byte.o)
                                                  /usr/lib/gcc/avr/5.4.0/../../../avr/lib/avr5/libatmega32u4.a(eewr_word.o)
eeprom_write_r18                                  /usr/lib/gcc/avr/5.4.0/../../../avr/lib/avr5/libatmega32u4.a(eewr_byte.o)
                                                  /usr/lib/gcc/avr/5.4.0/../../../avr/lib/avr5/libatmega32u4.a(eewr_word.o)
eeprom_write_word                                 /usr/lib/gcc/avr/5.4.0/../../../avr/lib/avr5/libatmega32u4.a(eewr_word.o)
                                                  obj/main.o
exit                                              /usr/lib/gcc/avr/5.4.0/avr5/libgcc.a(_exit.o)
                                                  /usr/lib/gcc/avr/5.4.0/../../../avr/lib/avr5/crtatmega32u4.o
fgetc                                             /usr/lib/gcc/avr/5.4.0/../../../avr/lib/avr5/libc.a(fgetc.o)
                                                  /usr/lib/gcc/avr/5.4.0/../../../avr/lib/avr5/libscanf_flt.a(vfscanf_flt.o)
fputc                                             /usr/lib/gcc/avr/5.4.0/../../../avr/lib/avr5/libc.a(fputc.o)
                                                  /usr/lib/gcc/avr/5.4.0/../../../avr/lib/avr5/libprintf_flt.a(vfprintf_flt.o)
get_temperature                                   obj/main.o
i2c_init                                          obj/i2c.o
i2c_read_ack                                      obj/i2c.o
i2c_read_nack                                     obj/i2c.o
i2c_start                                         obj/i2c.o
i2c_stop                                          obj/i2c.o
i2c_write                                         obj/i2c.o
init_mcp4911                                      obj/main.o
integ                                             obj/main.o
isspace                                           /usr/lib/gcc/avr/5.4.0/../../../avr/lib/avr5/libc.a(isspace.o)
                                                  /usr/lib/gcc/avr/5.4.0/../../../avr/lib/avr5/libscanf_flt.a(vfscanf_flt.o)
led1_update                                       obj/main.o
led2_update                                       obj/main.o
led_default                                       obj/main.o
main                                              obj/main.o
                                                  /usr/lib/gcc/avr/5.4.0/../../../avr/lib/avr5/crtatmega32u4.o
memcmp                                            /usr/lib/gcc/avr/5.4.0/../../../avr/lib/avr5/libc.a(memcmp.o)
                                                  obj/HIDClassDevice.o
memcpy                                            /usr/lib/gcc/avr/5.4.0/../../../avr/lib/avr5/libc.a(memcpy.o)
                                                  obj/RNDISClassDevice.o
                                                  obj/HIDClassDevice.o
memcpy_P                                          /usr/lib/gcc/avr/5.4.0/../../../avr/lib/avr5/libc.a(memcpy_P.o)
                                                  obj/RNDISClassDevice.o
memset                                            /usr/lib/gcc/avr/5.4.0/../../../avr/lib/avr5/libc.a(memset.o)
                                                  obj/HIDClassDevice.o
opticalpower1                                     obj/main.o
opticalpower2                                     obj/main.o
opticalpower3                                     obj/main.o
print                                             obj/main.o
read_led_current                                  obj/main.o
read_ltc2452_1                                    obj/main.o
read_ltc2452_2                                    obj/main.o
read_ltc2452_3                                    obj/main.o
read_temperature                                  obj/main.o
recvBuffer                                        obj/main.o
rx                                                obj/serial.o
rx_head                                           obj/serial.o
rx_tail                                           obj/serial.o
serial_available                                  obj/serial.o
serial_getc                                       obj/serial.o
serial_init                                       obj/serial.o
                                                  obj/main.o
serial_put_string                                 obj/serial.o
serial_putc                                       obj/serial.o
spi_init                                          obj/spi.o
                                                  obj/main.o
spi_transfer                                      obj/spi.o
                                                  obj/main.o
sprintf                                           /usr/lib/gcc/avr/5.4.0/../../../avr/lib/avr5/libc.a(sprintf.o)
                                                  obj/main.o
sscanf                                            /usr/lib/gcc/avr/5.4.0/../../../avr/lib/avr5/libc.a(sscanf.o)
                                                  obj/main.o
strchr_P                                          /usr/lib/gcc/avr/5.4.0/../../../avr/lib/avr5/libc.a(strchr_P.o)
                                                  /usr/lib/gcc/avr/5.4.0/../../../avr/lib/avr5/libscanf_flt.a(vfscanf_flt.o)
strncmp                                           /usr/lib/gcc/avr/5.4.0/../../../avr/lib/avr5/libc.a(strncmp.o)
                                                  obj/main.o
strnlen                                           /usr/lib/gcc/avr/5.4.0/../../../avr/lib/avr5/libc.a(strnlen.o)
                                                  /usr/lib/gcc/avr/5.4.0/../../../avr/lib/avr5/libprintf_flt.a(vfprintf_flt.o)
strnlen_P                                         /usr/lib/gcc/avr/5.4.0/../../../avr/lib/avr5/libc.a(strnlen_P.o)
                                                  /usr/lib/gcc/avr/5.4.0/../../../avr/lib/avr5/libprintf_flt.a(vfprintf_flt.o)
temperature1                                      obj/main.o
temperature2                                      obj/main.o
tolower                                           /usr/lib/gcc/avr/5.4.0/../../../avr/lib/avr5/libc.a(tolower.o)
                                                  /usr/lib/gcc/avr/5.4.0/../../../avr/lib/avr5/libscanf_flt.a(vfscanf_flt.o)
tx                                                obj/serial.o
tx_head                                           obj/serial.o
tx_tail                                           obj/serial.o
ungetc                                            /usr/lib/gcc/avr/5.4.0/../../../avr/lib/avr5/libc.a(ungetc.o)
                                                  /usr/lib/gcc/avr/5.4.0/../../../avr/lib/avr5/libscanf_flt.a(vfscanf_flt.o)
update                                            obj/main.o
update_mcp4911_1                                  obj/main.o
update_mcp4911_2                                  obj/main.o
update_status                                     obj/main.o
vfprintf                                          /usr/lib/gcc/avr/5.4.0/../../../avr/lib/avr5/libprintf_flt.a(vfprintf_flt.o)
                                                  /usr/lib/gcc/avr/5.4.0/../../../avr/lib/avr5/libc.a(sprintf.o)
vfscanf                                           /usr/lib/gcc/avr/5.4.0/../../../avr/lib/avr5/libscanf_flt.a(vfscanf_flt.o)
                                                  /usr/lib/gcc/avr/5.4.0/../../../avr/lib/avr5/libc.a(sscanf.o)
